---
source: tests/tests.rs
info:
  program: vine
  args:
    - run
    - dpll/main.vi
    - "--breadth-first"
---
success: true
exit_code: 0
----- stdout -----
satisfiable
evaluation under model: true
var 1 = true
var 2 = true
var 3 = true

----- stderr -----

Interactions
  Total               20_791
    Depth              9_596
    Breadth                2
  Annihilate          10_825
  Commute                189
  Copy                 2_401
  Erase                2_708
  Expand               1_667
  Call                 1_949
  Branch               1_052

Memory
  Heap                 6_048 B
  Allocated          444_192 B
  Freed              444_192 B

[Performance...]
