---
source: tests/tests.rs
info:
  program: vine
  args:
    - run
    - dpll/main.vi
    - "--breadth-first"
---
success: true
exit_code: 0
----- stdout -----
unsatisfiable

----- stderr -----

Interactions
  Total               23_687
    Depth             10_897
    Breadth                2
  Annihilate          12_257
  Commute                258
  Copy                 2_894
  Erase                3_113
  Expand               1_823
  Call                 2_154
  Branch               1_188

Memory
  Heap                 8_416 B
  Allocated          505_616 B
  Freed              505_616 B

[Performance...]
