---
source: tests/tests.rs
expression: stderr
---
Interactions
  Total               55_039
    Depth             24_821
    Breadth                2
  Annihilate          29_102
  Commute                497
  Copy                 6_319
  Erase                7_080
  Expand               4_298
  Call                 4_950
  Branch               2_793

Memory
  Heap                15_584 B
  Allocated        1_185_056 B
  Freed            1_185_056 B

[Performance...]
