---
source: tests/tests.rs
info:
  program: vine
  args:
    - run
    - dpll/main.vi
    - "--breadth-first"
---
success: true
exit_code: 0
----- stdout -----
unsatisfiable

----- stderr -----

Interactions
  Total               23_201
    Depth             11_177
    Breadth                2
  Annihilate          11_979
  Commute                255
  Copy                 2_865
  Erase                3_070
  Expand               1_777
  Call                 2_101
  Branch               1_154

Memory
  Heap                 8_048 B
  Allocated          494_544 B
  Freed              494_544 B

[Performance...]
