---
source: tests/tests.rs
info:
  program: vine
  args:
    - run
    - sat/main.vi
    - "--breadth-first"
---
success: true
exit_code: 0
----- stdout -----
unsatisfiable

----- stderr -----

Interactions
  Total              317_768
    Depth            138_013
    Breadth                2
  Annihilate         174_149
  Commute              2_100
  Copy                33_242
  Erase               38_808
  Expand              25_070
  Call                28_011
  Branch              16_388

Memory
  Heap                37_152 B
  Allocated        6_962_128 B
  Freed            6_962_128 B

[Performance...]
