---
source: tests/tests.rs
info:
  program: vine
  args:
    - run
    - dpll/main.vi
    - "--breadth-first"
---
success: true
exit_code: 0
----- stdout -----
satisfiable
evaluation under model: true
var 1 = false
var 2 = false
var 3 = true
var 4 = false
var 5 = false

----- stderr -----

Interactions
  Total               78_282
    Depth             34_793
    Breadth                2
  Annihilate          41_727
  Commute                820
  Copy                 8_805
  Erase                9_891
  Expand               6_163
  Call                 6_875
  Branch               4_001

Memory
  Heap                17_776 B
  Allocated        1_697_264 B
  Freed            1_697_264 B

[Performance...]
