---
source: tests/tests.rs
info:
  program: vine
  args:
    - run
    - dpll/main.vi
    - "--breadth-first"
---
success: true
exit_code: 0
----- stdout -----
satisfiable
evaluation under model: true
var 1 = true
var 2 = true
var 3 = true

----- stderr -----

Interactions
  Total               20_816
    Depth              9_306
    Breadth                2
  Annihilate          10_834
  Commute                192
  Copy                 2_400
  Erase                2_701
  Expand               1_671
  Call                 1_958
  Branch               1_060

Memory
  Heap                 6_416 B
  Allocated          444_944 B
  Freed              444_944 B

[Performance...]
