---
source: tests/tests.rs
info:
  program: vine
  args:
    - run
    - dpll/main.vi
    - "--breadth-first"
---
success: true
exit_code: 0
----- stdout -----
unsatisfiable

----- stderr -----

Interactions
  Total               55_428
    Depth             27_010
    Breadth                2
  Annihilate          29_351
  Commute                497
  Copy                 6_429
  Erase                7_124
  Expand               4_279
  Call                 4_957
  Branch               2_791

Memory
  Heap                13_632 B
  Allocated        1_194_176 B
  Freed            1_194_176 B

[Performance...]
