---
source: tests/tests.rs
expression: stderr
---
Interactions
  Total               38_723
    Depth             18_035
    Breadth                2
  Annihilate          19_909
  Commute                468
  Copy                 4_713
  Erase                5_019
  Expand               3_013
  Call                 3_649
  Branch               1_952

Memory
  Heap                11_120 B
  Allocated          826_960 B
  Freed              826_960 B

[Performance...]
