---
source: tests/tests.rs
expression: stderr
---
Interactions
  Total               20_993
    Depth              9_306
    Breadth                2
  Annihilate          10_929
  Commute                203
  Copy                 2_426
  Erase                2_718
  Expand               1_679
  Call                 1_968
  Branch               1_070

Memory
  Heap                 6_480 B
  Allocated          449_056 B
  Freed              449_056 B

[Performance...]
