---
source: tests/tests.rs
info:
  program: vine
  args:
    - run
    - dpll/main.vi
    - "--breadth-first"
---
success: true
exit_code: 0
----- stdout -----
satisfiable
evaluation under model: true
var 1 = false
var 2 = false
var 3 = true
var 4 = false
var 5 = false

----- stderr -----

Interactions
  Total               77_536
    Depth             34_484
    Breadth                2
  Annihilate          41_431
  Commute                777
  Copy                 8_690
  Erase                9_818
  Expand               6_092
  Call                 6_801
  Branch               3_927

Memory
  Heap                17_712 B
  Allocated        1_682_112 B
  Freed            1_682_112 B

[Performance...]
