---
source: tests/tests.rs
info:
  program: vine
  args:
    - run
    - dpll/main.vi
    - "--breadth-first"
---
success: true
exit_code: 0
----- stdout -----
satisfiable
evaluation under model: true
var 1 = true
var 2 = true
var 3 = false
var 4 = true
var 5 = false

----- stderr -----

Interactions
  Total               29_034
    Depth             12_921
    Breadth                2
  Annihilate          15_074
  Commute                327
  Copy                 3_408
  Erase                3_733
  Expand               2_293
  Call                 2_733
  Branch               1_466

Memory
  Heap                 7_792 B
  Allocated          621_776 B
  Freed              621_776 B

[Performance...]
