---
source: tests/tests.rs
info:
  program: vine
  args:
    - run
    - dpll/main.vi
    - "--breadth-first"
---
success: true
exit_code: 0
----- stdout -----
satisfiable
evaluation under model: true
var 1 = true
var 2 = true
var 3 = true
var 4 = false

----- stderr -----

Interactions
  Total               38_347
    Depth             18_041
    Breadth                2
  Annihilate          19_806
  Commute                453
  Copy                 4_650
  Erase                4_915
  Expand               2_972
  Call                 3_624
  Branch               1_927

Memory
  Heap                10_640 B
  Allocated          821_376 B
  Freed              821_376 B

[Performance...]
