---
source: tests/tests.rs
info:
  program: vine
  args:
    - run
    - dpll/main.vi
    - "--breadth-first"
---
success: true
exit_code: 0
----- stdout -----
satisfiable
evaluation under model: true
var 1 = true
var 2 = true
var 3 = false
var 4 = true
var 5 = false

----- stderr -----

Interactions
  Total               28_831
    Depth             12_909
    Breadth                2
  Annihilate          15_024
  Commute                307
  Copy                 3_353
  Erase                3_697
  Expand               2_279
  Call                 2_719
  Branch               1_452

Memory
  Heap                 7_728 B
  Allocated          618_208 B
  Freed              618_208 B

[Performance...]
