---
source: tests/tests.rs
info:
  program: vine
  args:
    - run
    - dpll/main.vi
    - "--breadth-first"
---
success: true
exit_code: 0
----- stdout -----
unsatisfiable

----- stderr -----

Interactions
  Total               15_029
    Depth              7_125
    Breadth                2
  Annihilate           7_661
  Commute                166
  Copy                 1_921
  Erase                2_014
  Expand               1_133
  Call                 1_399
  Branch                 735

Memory
  Heap                 3_680 B
  Allocated          318_576 B
  Freed              318_576 B

[Performance...]
