---
source: tests/tests.rs
info:
  program: vine
  args:
    - run
    - dpll/main.vi
    - "--breadth-first"
---
success: true
exit_code: 0
----- stdout -----
satisfiable
evaluation under model: true
var 1 = true
var 2 = true
var 3 = true
var 4 = false

----- stderr -----

Interactions
  Total               38_191
    Depth             17_833
    Breadth                2
  Annihilate          19_728
  Commute                453
  Copy                 4_650
  Erase                4_915
  Expand               2_946
  Call                 3_598
  Branch               1_901

Memory
  Heap                10_640 B
  Allocated          818_048 B
  Freed              818_048 B

[Performance...]
