---
source: tests/tests.rs
info:
  program: vine
  args:
    - run
    - dpll/main.vi
    - "--breadth-first"
---
success: true
exit_code: 0
----- stdout -----
satisfiable
evaluation under model: true
var 1 = true
var 2 = true
var 3 = true
var 4 = false

----- stderr -----

Interactions
  Total               38_322
    Depth             18_264
    Breadth                2
  Annihilate          19_818
  Commute                445
  Copy                 4_651
  Erase                4_929
  Expand               2_960
  Call                 3_608
  Branch               1_911

Memory
  Heap                10_272 B
  Allocated          820_864 B
  Freed              820_864 B

[Performance...]
