---
source: tests/tests.rs
info:
  program: vine
  args:
    - run
    - dpll/main.vi
    - "--breadth-first"
---
success: true
exit_code: 0
----- stdout -----
unsatisfiable

----- stderr -----

Interactions
  Total              317_444
    Depth            137_154
    Breadth                2
  Annihilate         174_028
  Commute              1_989
  Copy                33_251
  Erase               38_871
  Expand              24_998
  Call                28_031
  Branch              16_276

Memory
  Heap                37_088 B
  Allocated        6_954_016 B
  Freed            6_954_016 B

[Performance...]
