---
source: tests/tests.rs
expression: stderr
---
Interactions
  Total            4_837_729
    Depth          2_171_185
    Breadth                2
  Annihilate       2_680_936
  Commute             19_035
  Copy               493_823
  Erase              564_551
  Expand             380_062
  Call               447_597
  Branch             251_725

Memory
  Heap               503_424 B
  Allocated      106_867_856 B
  Freed          106_867_856 B

[Performance...]
