---
source: tests/tests.rs
expression: stderr
---
Interactions
  Total            3_843_023
    Depth          1_718_354
    Breadth                2
  Annihilate       2_103_693
  Commute             20_887
  Copy               416_535
  Erase              454_594
  Expand             295_047
  Call               354_373
  Branch             197_894

Memory
  Heap               565_088 B
  Allocated       84_728_208 B
  Freed           84_728_208 B

[Performance...]
