---
source: tests/tests.rs
expression: stderr
---
Interactions
  Total           16_649_502
    Depth          7_309_000
    Breadth                2
  Annihilate       9_408_110
  Commute             39_646
  Copy             1_589_984
  Erase            1_897_785
  Expand           1_319_351
  Call             1_524_261
  Branch             870_365

Memory
  Heap               623_632 B
  Allocated      370_226_160 B
  Freed          370_226_160 B

[Performance...]
