---
source: tests/tests.rs
expression: stderr
---
Interactions
  Total            7_973_053
    Depth          3_527_996
    Breadth                2
  Annihilate       4_445_541
  Commute             24_916
  Copy               792_124
  Erase              927_305
  Expand             631_609
  Call               735_190
  Branch             416_368

Memory
  Heap               595_920 B
  Allocated      176_311_264 B
  Freed          176_311_264 B

[Performance...]
