---
source: tests/tests.rs
info:
  program: vine
  args:
    - run
    - dpll/main.vi
    - "--breadth-first"
---
success: true
exit_code: 0
----- stdout -----
satisfiable
evaluation under model: true
var 1 = false
var 2 = true
var 3 = true
var 4 = false
var 5 = true
var 6 = true
var 7 = true
var 8 = true
var 10 = false
var 11 = true
var 12 = true
var 13 = true
var 14 = false
var 15 = true
var 16 = false
var 17 = false
var 18 = true
var 19 = true
var 20 = true
var 21 = false
var 22 = false
var 23 = true
var 24 = false
var 25 = true
var 26 = true
var 28 = false
var 29 = false
var 30 = true
var 31 = true
var 32 = false
var 33 = true
var 34 = false
var 35 = true
var 36 = false
var 37 = false
var 38 = false
var 39 = false
var 41 = false
var 42 = false
var 43 = false
var 44 = false
var 45 = false
var 46 = true
var 47 = true
var 48 = true
var 49 = true
var 50 = true

----- stderr -----

Interactions
  Total           16_649_502
    Depth          7_309_000
    Breadth                2
  Annihilate       9_408_110
  Commute             39_646
  Copy             1_589_984
  Erase            1_897_785
  Expand           1_319_351
  Call             1_524_261
  Branch             870_365

Memory
  Heap               623_632 B
  Allocated      370_226_160 B
  Freed          370_226_160 B

[Performance...]
