---
source: tests/tests.rs
expression: stderr
---
Interactions
  Total           16_582_523
    Depth          7_250_574
    Breadth                2
  Annihilate       9_307_847
  Commute             39_646
  Copy             1_589_992
  Erase            1_920_209
  Expand           1_330_203
  Call             1_524_261
  Branch             870_365

Memory
  Heap               633_440 B
  Allocated      367_017_872 B
  Freed          367_017_872 B

[Performance...]
