---
source: tests/tests.rs
expression: stderr
---
Interactions
  Total           63_102_749
    Depth         27_626_557
    Breadth                2
  Annihilate      35_595_718
  Commute            101_600
  Copy             5_914_353
  Erase            7_244_126
  Expand           5_093_837
  Call             5_826_786
  Branch           3_326_329

Memory
  Heap               559_200 B
  Allocated    1_398_666_112 B
  Freed        1_398_666_112 B

[Performance...]
