---
source: tests/tests.rs
expression: stderr
---
Interactions
  Total           85_118_277
    Depth         37_060_356
    Breadth                2
  Annihilate      48_261_150
  Commute            163_068
  Copy             8_003_949
  Erase            9_665_860
  Expand           6_774_499
  Call             7_790_249
  Branch           4_459_502

Memory
  Heap               663_024 B
  Allocated    1_894_186_880 B
  Freed        1_894_186_880 B

[Performance...]
