---
source: tests/tests.rs
expression: stderr
---
Interactions
  Total            6_307_786
    Depth          2_786_749
    Breadth                2
  Annihilate       3_495_680
  Commute             25_357
  Copy               645_528
  Erase              738_681
  Expand             494_504
  Call               580_476
  Branch             327_560

Memory
  Heap               526_816 B
  Allocated      139_313_408 B
  Freed          139_313_408 B

[Performance...]
