---
source: tests/tests.rs
expression: stderr
---
Interactions
  Total           79_016_517
    Depth         34_599_985
    Breadth                2
  Annihilate      44_554_474
  Commute            131_027
  Copy             7_429_495
  Erase            9_075_267
  Expand           6_369_633
  Call             7_293_415
  Branch           4_163_206

Memory
  Heap               632_624 B
  Allocated    1_751_445_088 B
  Freed        1_751_445_088 B

[Performance...]
