---
source: tests/tests.rs
expression: stderr
---
Interactions
  Total           22_211_584
    Depth          9_754_684
    Breadth                2
  Annihilate      12_504_437
  Commute             44_342
  Copy             2_104_038
  Erase            2_556_894
  Expand           1_786_069
  Call             2_048_453
  Branch           1_167_351

Memory
  Heap               544_128 B
  Allocated      492_081_600 B
  Freed          492_081_600 B

[Performance...]
