---
source: tests/tests.rs
info:
  program: vine
  args:
    - run
    - dpll/main.vi
    - "--breadth-first"
---
success: true
exit_code: 0
----- stdout -----
satisfiable
evaluation under model: true
var 1 = true
var 2 = true
var 3 = true
var 4 = true

----- stderr -----

Interactions
  Total               15_618
    Depth              6_860
    Breadth                2
  Annihilate           8_178
  Commute                144
  Copy                 1_748
  Erase                2_038
  Expand               1_266
  Call                 1_463
  Branch                 781

Memory
  Heap                 4_912 B
  Allocated          334_640 B
  Freed              334_640 B

[Performance...]
