---
source: tests/tests.rs
info:
  program: vine
  args:
    - run
    - dpll/main.vi
    - "--breadth-first"
---
success: true
exit_code: 0
----- stdout -----
satisfiable
evaluation under model: true
var 1 = true
var 2 = true
var 3 = true
var 4 = true

----- stderr -----

Interactions
  Total               15_666
    Depth              6_924
    Breadth                2
  Annihilate           8_202
  Commute                144
  Copy                 1_748
  Erase                2_038
  Expand               1_274
  Call                 1_471
  Branch                 789

Memory
  Heap                 4_912 B
  Allocated          335_664 B
  Freed              335_664 B

[Performance...]
