---
source: tests/tests.rs
info:
  program: vine
  args:
    - run
    - dpll/main.vi
    - "--breadth-first"
---
success: true
exit_code: 0
----- stdout -----
unsatisfiable

----- stderr -----

Interactions
  Total                8_635
    Depth              4_282
    Breadth                2
  Annihilate           4_328
  Commute                100
  Copy                 1_148
  Erase                1_164
  Expand                 644
  Call                   830
  Branch                 421

Memory
  Heap                 2_928 B
  Allocated          181_840 B
  Freed              181_840 B

[Performance...]
