---
source: tests/tests.rs
info:
  program: vine
  args:
    - run
    - dpll/main.vi
    - "--breadth-first"
---
success: true
exit_code: 0
----- stdout -----
unsatisfiable

----- stderr -----

Interactions
  Total                8_605
    Depth              4_242
    Breadth                2
  Annihilate           4_313
  Commute                100
  Copy                 1_148
  Erase                1_164
  Expand                 639
  Call                   825
  Branch                 416

Memory
  Heap                 2_928 B
  Allocated          181_200 B
  Freed              181_200 B

[Performance...]
