---
source: tests/tests.rs
expression: stderr
---
Interactions
  Total                5_325
    Depth              2_383
    Breadth                2
  Annihilate           2_761
  Commute                 49
  Copy                   601
  Erase                  714
  Expand                 437
  Call                   508
  Branch                 255

Memory
  Heap                 3_456 B
  Allocated          113_328 B
  Freed              113_328 B

[Performance...]
