---
source: tests/tests.rs
info:
  program: vine
  args:
    - run
    - dpll/main.vi
    - "--breadth-first"
---
success: true
exit_code: 0
----- stdout -----
satisfiable
evaluation under model: true
var 1 = true
var 2 = true

----- stderr -----

Interactions
  Total               13_416
    Depth              6_163
    Breadth                2
  Annihilate           6_800
  Commute                142
  Copy                 1_656
  Erase                1_748
  Expand               1_051
  Call                 1_350
  Branch                 669

Memory
  Heap                 5_296 B
  Allocated          284_272 B
  Freed              284_272 B

[Performance...]
