---
source: tests/tests.rs
info:
  program: vine
  args:
    - run
    - dpll/main.vi
    - "--breadth-first"
---
success: true
exit_code: 0
----- stdout -----
satisfiable
evaluation under model: true
var 1 = true
var 2 = true
var 3 = true

----- stderr -----

Interactions
  Total               10_369
    Depth              4_517
    Breadth                2
  Annihilate           5_338
  Commute                 85
  Copy                 1_188
  Erase                1_368
  Expand                 844
  Call                 1_026
  Branch                 520

Memory
  Heap                 4_464 B
  Allocated          220_160 B
  Freed              220_160 B

[Performance...]
