---
source: tests/tests.rs
info:
  program: vine
  args:
    - run
    - dpll/main.vi
    - "--breadth-first"
---
success: true
exit_code: 0
----- stdout -----
satisfiable
evaluation under model: true
var 1 = true
var 2 = true

----- stderr -----

Interactions
  Total                7_420
    Depth              3_234
    Breadth                2
  Annihilate           3_780
  Commute                 56
  Copy                   862
  Erase                  971
  Expand                 606
  Call                   779
  Branch                 366

Memory
  Heap                 3_520 B
  Allocated          156_928 B
  Freed              156_928 B

[Performance...]
