---
source: tests/tests.rs
info:
  program: vine
  args:
    - run
    - dpll/main.vi
    - "--breadth-first"
---
success: true
exit_code: 0
----- stdout -----
satisfiable
evaluation under model: true

----- stderr -----

Interactions
  Total                3_783
    Depth              1_785
    Breadth                2
  Annihilate           1_926
  Commute                 25
  Copy                   458
  Erase                  487
  Expand                 300
  Call                   410
  Branch                 177

Memory
  Heap                 3_088 B
  Allocated           80_256 B
  Freed               80_256 B

[Performance...]
