---
source: tests/tests.rs
info:
  program: vine
  args:
    - run
    - dpll/main.vi
    - "--breadth-first"
---
success: true
exit_code: 0
----- stdout -----
satisfiable
evaluation under model: true
var 1 = true

----- stderr -----

Interactions
  Total                5_283
    Depth              2_378
    Breadth                2
  Annihilate           2_747
  Commute                 45
  Copy                   590
  Erase                  704
  Expand                 436
  Call                   507
  Branch                 254

Memory
  Heap                 3_376 B
  Allocated          112_544 B
  Freed              112_544 B

[Performance...]
