---
source: tests/tests.rs
info:
  program: vine
  args:
    - run
    - dpll/main.vi
    - "--breadth-first"
---
success: true
exit_code: 0
----- stdout -----
unsatisfiable

----- stderr -----

Interactions
  Total                3_693
    Depth              1_894
    Breadth                1
  Annihilate           1_812
  Commute                 34
  Copy                   523
  Erase                  489
  Expand                 267
  Call                   390
  Branch                 178

Memory
  Heap                 2_928 B
  Allocated           77_312 B
  Freed               77_312 B

[Performance...]
