---
source: tests/tests.rs
expression: stderr
---
Interactions
  Total               11_207
    Depth              5_204
    Breadth                2
  Annihilate           5_732
  Commute                120
  Copy                 1_345
  Erase                1_478
  Expand                 888
  Call                 1_089
  Branch                 555

Memory
  Heap                 4_128 B
  Allocated          238_016 B
  Freed              238_016 B

[Performance...]
