---
source: tests/tests.rs
expression: stderr
---
Interactions
  Total                8_293
    Depth              3_588
    Breadth                2
  Annihilate           4_218
  Commute                 78
  Copy                   973
  Erase                1_090
  Expand                 672
  Call                   853
  Branch                 409

Memory
  Heap                 3_824 B
  Allocated          175_520 B
  Freed              175_520 B

[Performance...]
