---
source: tests/tests.rs
info:
  program: vine
  args:
    - run
    - dpll/main.vi
    - "--breadth-first"
---
success: true
exit_code: 0
----- stdout -----
satisfiable
evaluation under model: true
var 1 = true
var 2 = true
var 3 = true

----- stderr -----

Interactions
  Total               10_345
    Depth              4_485
    Breadth                2
  Annihilate           5_326
  Commute                 85
  Copy                 1_188
  Erase                1_368
  Expand                 840
  Call                 1_022
  Branch                 516

Memory
  Heap                 4_464 B
  Allocated          219_648 B
  Freed              219_648 B

[Performance...]
