---
source: tests/tests.rs
info:
  program: vine
  args:
    - run
    - dpll/main.vi
    - "--breadth-first"
---
success: true
exit_code: 0
----- stdout -----
satisfiable
evaluation under model: true
var 1 = true
var 2 = false

----- stderr -----

Interactions
  Total                8_197
    Depth              3_589
    Breadth                2
  Annihilate           4_195
  Commute                 69
  Copy                   952
  Erase                1_069
  Expand                 664
  Call                   846
  Branch                 402

Memory
  Heap                 3_568 B
  Allocated          173_936 B
  Freed              173_936 B

[Performance...]
