---
source: tests/tests.rs
expression: stderr
---
Interactions
  Total                7_011
    Depth              3_212
    Breadth                2
  Annihilate           3_559
  Commute                 69
  Copy                   849
  Erase                  924
  Expand                 558
  Call                   712
  Branch                 340

Memory
  Heap                 3_488 B
  Allocated          148_304 B
  Freed              148_304 B

[Performance...]
