---
source: tests/tests.rs
info:
  program: vine
  args:
    - run
    - dpll/main.vi
    - "--breadth-first"
---
success: true
exit_code: 0
----- stdout -----
satisfiable
evaluation under model: true
var 1 = true

----- stderr -----

Interactions
  Total                6_962
    Depth              3_183
    Breadth                2
  Annihilate           3_536
  Commute                 68
  Copy                   844
  Erase                  919
  Expand                 553
  Call                   707
  Branch                 335

Memory
  Heap                 3_488 B
  Allocated          147_296 B
  Freed              147_296 B

[Performance...]
