---
source: tests/tests.rs
info:
  program: vine
  args:
    - run
    - dpll/main.vi
    - "--breadth-first"
---
success: true
exit_code: 0
----- stdout -----
satisfiable
evaluation under model: true
var 1 = true
var 2 = true

----- stderr -----

Interactions
  Total               11_055
    Depth              5_144
    Breadth                2
  Annihilate           5_676
  Commute                111
  Copy                 1_318
  Erase                1_451
  Expand                 877
  Call                 1_078
  Branch                 544

Memory
  Heap                 3_936 B
  Allocated          235_152 B
  Freed              235_152 B

[Performance...]
