---
source: tests/tests.rs
info:
  program: vine
  args:
    - run
    - dpll/main.vi
    - "--breadth-first"
---
success: true
exit_code: 0
----- stdout -----
unsatisfiable

----- stderr -----

Interactions
  Total                5_471
    Depth              2_756
    Breadth                1
  Annihilate           2_782
  Commute                 67
  Copy                   709
  Erase                  752
  Expand                 414
  Call                   484
  Branch                 263

Memory
  Heap                 2_928 B
  Allocated          115_680 B
  Freed              115_680 B

[Performance...]
