---
source: tests/tests.rs
info:
  program: vine
  args:
    - run
    - dpll/main.vi
    - "--breadth-first"
---
success: true
exit_code: 0
----- stdout -----
satisfiable
evaluation under model: true
var 1 = true
var 2 = false

----- stderr -----

Interactions
  Total                8_210
    Depth              3_585
    Breadth                2
  Annihilate           4_200
  Commute                 69
  Copy                   952
  Erase                1_067
  Expand                 666
  Call                   850
  Branch                 406

Memory
  Heap                 3_552 B
  Allocated          174_224 B
  Freed              174_224 B

[Performance...]
