---
source: tests/tests.rs
info:
  program: vine
  args:
    - run
    - dpll/main.vi
    - "--breadth-first"
---
success: true
exit_code: 0
----- stdout -----
satisfiable
evaluation under model: true
var 1 = true
var 2 = true

----- stderr -----

Interactions
  Total                7_427
    Depth              3_222
    Breadth                2
  Annihilate           3_782
  Commute                 56
  Copy                   862
  Erase                  969
  Expand                 607
  Call                   782
  Branch                 369

Memory
  Heap                 3_504 B
  Allocated          157_088 B
  Freed              157_088 B

[Performance...]
