---
source: tests/tests.rs
expression: stderr
---
Interactions
  Total               15_843
    Depth              6_936
    Breadth                2
  Annihilate           8_249
  Commute                163
  Copy                 1_795
  Erase                2_081
  Expand               1_281
  Call                 1_478
  Branch                 796

Memory
  Heap                 4_992 B
  Allocated          338_752 B
  Freed              338_752 B

[Performance...]
