---
source: tests/tests.rs
expression: stderr
---
Interactions
  Total               10_477
    Depth              4_529
    Breadth                2
  Annihilate           5_366
  Commute                 99
  Copy                 1_219
  Erase                1_394
  Expand                 847
  Call                 1_029
  Branch                 523

Memory
  Heap                 4_528 B
  Allocated          222_096 B
  Freed              222_096 B

[Performance...]
