---
source: tests/tests.rs
info:
  program: vine
  args:
    - run
    - dpll/main.vi
    - "--breadth-first"
---
success: true
exit_code: 0
----- stdout -----
satisfiable
evaluation under model: true

----- stderr -----

Interactions
  Total                3_793
    Depth              1_786
    Breadth                2
  Annihilate           1_930
  Commute                 25
  Copy                   461
  Erase                  490
  Expand                 300
  Call                   410
  Branch                 177

Memory
  Heap                 3_088 B
  Allocated           80_432 B
  Freed               80_432 B

[Performance...]
