---
source: tests/tests.rs
info:
  program: vine
  args:
    - run
    - dpll/main.vi
    - "--breadth-first"
---
success: true
exit_code: 0
----- stdout -----
satisfiable
evaluation under model: true
var 1 = true
var 2 = true

----- stderr -----

Interactions
  Total               13_386
    Depth              6_154
    Breadth                2
  Annihilate           6_797
  Commute                139
  Copy                 1_649
  Erase                1_747
  Expand               1_047
  Call                 1_344
  Branch                 663

Memory
  Heap                 4_928 B
  Allocated          283_760 B
  Freed              283_760 B

[Performance...]
