---
source: tests/tests.rs
info:
  program: vine
  args:
    - run
    - dpll/main.vi
    - "--breadth-first"
---
success: true
exit_code: 0
----- stdout -----
unsatisfiable

----- stderr -----

Interactions
  Total           59_550_490
    Depth         26_247_626
    Breadth                2
  Annihilate      33_808_066
  Commute             85_995
  Copy             5_551_069
  Erase            6_722_104
  Expand           4_756_069
  Call             5_499_255
  Branch           3_127_932

Memory
  Heap               574_320 B
  Allocated    1_325_795_264 B
  Freed        1_325_795_264 B

[Performance...]
