---
source: tests/tests.rs
info:
  program: vine
  args:
    - run
    - dpll/main.vi
    - "--breadth-first"
---
success: true
exit_code: 0
----- stdout -----
unsatisfiable

----- stderr -----

Interactions
  Total           67_727_533
    Depth         29_717_847
    Breadth                2
  Annihilate      38_432_020
  Commute            106_906
  Copy             6_322_299
  Erase            7_670_049
  Expand           5_408_885
  Call             6_230_605
  Branch           3_556_769

Memory
  Heap               673_168 B
  Allocated    1_507_325_888 B
  Freed        1_507_325_888 B

[Performance...]
