---
source: tests/tests.rs
info:
  program: vine
  args:
    - run
    - dpll/main.vi
    - "--breadth-first"
---
success: true
exit_code: 0
----- stdout -----
unsatisfiable

----- stderr -----

Interactions
  Total          144_895_256
    Depth         63_705_515
    Breadth                2
  Annihilate      82_264_204
  Commute            206_650
  Copy            13_493_970
  Erase           16_381_646
  Expand          11_584_145
  Call            13_344_379
  Branch           7_620_262

Memory
  Heap               637_808 B
  Allocated    3_225_762_432 B
  Freed        3_225_762_432 B

[Performance...]
