---
source: tests/tests.rs
info:
  program: vine
  args:
    - run
    - dpll/main.vi
    - "--breadth-first"
---
success: true
exit_code: 0
----- stdout -----
unsatisfiable

----- stderr -----

Interactions
  Total           83_305_813
    Depth         42_751_464
    Breadth                1
  Annihilate      47_045_830
  Commute            121_450
  Copy             7_933_896
  Erase            9_504_058
  Expand           6_631_776
  Call             7_638_497
  Branch           4_430_306

Memory
  Heap               567_520 B
  Allocated    1_846_396_480 B
  Freed        1_846_396_480 B

[Performance...]
