---
source: tests/tests.rs
expression: stderr
---
Interactions
  Total           66_969_602
    Depth         29_437_010
    Breadth                2
  Annihilate      37_791_506
  Commute            101_962
  Copy             6_278_574
  Erase            7_666_051
  Expand           5_399_932
  Call             6_201_848
  Branch           3_529_729

Memory
  Heap               505_248 B
  Allocated    1_484_957_840 B
  Freed        1_484_957_840 B

[Performance...]
