---
source: tests/tests.rs
expression: stderr
---
Interactions
  Total           67_502_590
    Depth         29_501_650
    Breadth                2
  Annihilate      38_068_531
  Commute            111_181
  Copy             6_329_026
  Erase            7_754_158
  Expand           5_449_990
  Call             6_231_604
  Branch           3_558_100

Memory
  Heap               685_152 B
  Allocated    1_495_981_392 B
  Freed        1_495_981_392 B

[Performance...]
