---
source: tests/tests.rs
info:
  program: vine
  args:
    - run
    - dpll/main.vi
    - "--breadth-first"
---
success: true
exit_code: 0
----- stdout -----
unsatisfiable

----- stderr -----

Interactions
  Total          193_009_643
    Depth         99_401_327
    Breadth                1
  Annihilate     109_051_298
  Commute            262_180
  Copy            18_328_734
  Erase           22_019_899
  Expand          15_391_748
  Call            17_683_465
  Branch          10_272_319

Memory
  Heap               635_408 B
  Allocated    4_277_759_264 B
  Freed        4_277_759_264 B

[Performance...]
