---
source: tests/tests.rs
info:
  program: vine
  args:
    - run
    - dpll/main.vi
    - "--breadth-first"
---
success: true
exit_code: 0
----- stdout -----
unsatisfiable

----- stderr -----

Interactions
  Total          149_648_283
    Depth         77_037_388
    Breadth                1
  Annihilate      84_574_586
  Commute            199_580
  Copy            14_172_691
  Erase           17_082_862
  Expand          11_940_377
  Call            13_713_534
  Branch           7_964_653

Memory
  Heap               602_976 B
  Allocated    3_315_878_064 B
  Freed        3_315_878_064 B

[Performance...]
