---
source: tests/tests.rs
info:
  program: vine
  args:
    - run
    - dpll/main.vi
    - "--breadth-first"
---
success: true
exit_code: 0
----- stdout -----
unsatisfiable

----- stderr -----

Interactions
  Total           59_557_110
    Depth         26_256_094
    Breadth                2
  Annihilate      33_811_645
  Commute             85_995
  Copy             5_550_531
  Erase            6_722_104
  Expand           4_757_262
  Call             5_500_448
  Branch           3_129_125

Memory
  Heap               574_320 B
  Allocated    1_325_939_360 B
  Freed        1_325_939_360 B

[Performance...]
