---
source: tests/tests.rs
expression: stderr
---
Interactions
  Total          110_965_768
    Depth         48_453_056
    Breadth                2
  Annihilate      62_592_366
  Commute            177_531
  Copy            10_427_109
  Erase           12_724_061
  Expand           8_941_788
  Call            10_259_476
  Branch           5_843_437

Memory
  Heap               755_040 B
  Allocated    2_460_064_976 B
  Freed        2_460_064_976 B

[Performance...]
