---
source: tests/tests.rs
info:
  program: vine
  args:
    - run
    - dpll/main.vi
    - "--breadth-first"
---
success: true
exit_code: 0
----- stdout -----
unsatisfiable

----- stderr -----

Interactions
  Total          187_808_046
    Depth         82_458_670
    Breadth                2
  Annihilate     106_630_591
  Commute            279_079
  Copy            17_518_504
  Erase           21_233_892
  Expand          14_993_229
  Call            17_286_106
  Branch           9_866_645

Memory
  Heap               637_888 B
  Allocated    4_181_333_408 B
  Freed        4_181_333_408 B

[Performance...]
