---
source: tests/tests.rs
info:
  program: vine
  args:
    - run
    - dpll/main.vi
    - "--breadth-first"
---
success: true
exit_code: 0
----- stdout -----
unsatisfiable

----- stderr -----

Interactions
  Total          116_379_753
    Depth         59_601_390
    Breadth                1
  Annihilate      65_753_789
  Commute            163_566
  Copy            11_115_418
  Erase           13_257_592
  Expand           9_239_526
  Call            10_672_695
  Branch           6_177_167

Memory
  Heap               743_632 B
  Allocated    2_580_909_712 B
  Freed        2_580_909_712 B

[Performance...]
