---
source: tests/tests.rs
info:
  program: vine
  args:
    - run
    - dpll/main.vi
    - "--breadth-first"
---
success: true
exit_code: 0
----- stdout -----
unsatisfiable

----- stderr -----

Interactions
  Total          113_528_840
    Depth         58_158_946
    Breadth                1
  Annihilate      64_135_289
  Commute            163_566
  Copy            10_808_572
  Erase           12_947_081
  Expand           9_031_416
  Call            10_410_248
  Branch           6_032_668

Memory
  Heap               743_824 B
  Allocated    2_516_504_528 B
  Freed        2_516_504_528 B

[Performance...]
