---
source: tests/tests.rs
info:
  program: vine
  args:
    - run
    - dpll/main.vi
    - "--breadth-first"
---
success: true
exit_code: 0
----- stdout -----
unsatisfiable

----- stderr -----

Interactions
  Total           81_890_527
    Depth         35_987_264
    Breadth                2
  Annihilate      46_475_741
  Commute            127_984
  Copy             7_663_994
  Erase            9_253_546
  Expand           6_527_407
  Call             7_543_087
  Branch           4_298_768

Memory
  Heap               569_632 B
  Allocated    1_823_398_016 B
  Freed        1_823_398_016 B

[Performance...]
