---
source: tests/tests.rs
info:
  program: vine
  args:
    - run
    - sat/main.vi
    - "--breadth-first"
---
success: true
exit_code: 0
----- stdout -----
unsatisfiable

----- stderr -----

Interactions
  Total          146_894_620
    Depth         64_437_605
    Breadth                2
  Annihilate      83_431_372
  Commute            222_467
  Copy            13_674_470
  Erase           16_603_504
  Expand          11_731_384
  Call            13_518_663
  Branch           7_712_760

Memory
  Heap               603_632 B
  Allocated    3_270_406_080 B
  Freed        3_270_406_080 B

[Performance...]
