---
source: tests/tests.rs
info:
  program: vine
  args:
    - run
    - dpll/main.vi
    - "--breadth-first"
---
success: true
exit_code: 0
----- stdout -----
unsatisfiable

----- stderr -----

Interactions
  Total          143_389_753
    Depth         73_703_508
    Breadth                1
  Annihilate      81_022_054
  Commute            198_329
  Copy            13_617_213
  Erase           16_350_779
  Expand          11_425_847
  Call            13_146_783
  Branch           7_628_748

Memory
  Heap               598_384 B
  Allocated    3_178_139_440 B
  Freed        3_178_139_440 B

[Performance...]
