---
source: tests/tests.rs
expression: stderr
---
Interactions
  Total           81_610_917
    Depth         35_720_591
    Breadth                2
  Annihilate      46_023_157
  Commute            130_931
  Copy             7_668_665
  Erase            9_359_062
  Expand           6_581_000
  Call             7_546_392
  Branch           4_301_710

Memory
  Heap               581_840 B
  Allocated    1_809_201_728 B
  Freed        1_809_201_728 B

[Performance...]
