---
source: tests/tests.rs
info:
  program: vine
  args:
    - run
    - dpll/main.vi
    - "--breadth-first"
---
success: true
exit_code: 0
----- stdout -----
unsatisfiable

----- stderr -----

Interactions
  Total          127_079_494
    Depth         65_258_377
    Breadth                1
  Annihilate      71_803_700
  Commute            172_780
  Copy            12_098_685
  Erase           14_476_231
  Expand          10_115_257
  Call            11_656_252
  Branch           6_756_589

Memory
  Heap               589_712 B
  Allocated    2_817_529_536 B
  Freed        2_817_529_536 B

[Performance...]
