---
source: tests/tests.rs
expression: stderr
---
Interactions
  Total          140_261_154
    Depth         61_310_105
    Breadth                2
  Annihilate      79_126_864
  Commute            229_070
  Copy            13_162_391
  Erase           16_078_418
  Expand          11_313_721
  Call            12_960_592
  Branch           7_390_098

Memory
  Heap               619_296 B
  Allocated    3_109_589_152 B
  Freed        3_109_589_152 B

[Performance...]
