---
source: tests/tests.rs
expression: stderr
---
Interactions
  Total          187_917_058
    Depth         82_472_292
    Breadth                2
  Annihilate     106_671_376
  Commute            296_684
  Copy            17_550_557
  Erase           21_248_285
  Expand          14_994_864
  Call            17_286_173
  Branch           9_869_119

Memory
  Heap               641_616 B
  Allocated    4_183_787_072 B
  Freed        4_183_787_072 B

[Performance...]
