---
source: tests/tests.rs
expression: stderr
---
Interactions
  Total          140_816_528
    Depth         61_782_774
    Breadth                2
  Annihilate      79_939_222
  Commute            229_070
  Copy            13_163_911
  Erase           15_906_082
  Expand          11_227_553
  Call            12_960_592
  Branch           7_390_098

Memory
  Heap               605_056 B
  Allocated    3_135_608_928 B
  Freed        3_135_608_928 B

[Performance...]
