---
source: tests/tests.rs
info:
  program: vine
  args:
    - run
    - sat/main.vi
    - "--breadth-first"
---
success: true
exit_code: 0
----- stdout -----
unsatisfiable

----- stderr -----

Interactions
  Total          122_215_715
    Depth         53_644_603
    Breadth                2
  Annihilate      69_395_897
  Commute            188_032
  Copy            11_398_326
  Erase           13_797_242
  Expand           9_756_533
  Call            11_260_393
  Branch           6_419_292

Memory
  Heap               589_984 B
  Allocated    2_721_353_872 B
  Freed        2_721_353_872 B

[Performance...]
