---
source: tests/tests.rs
info:
  program: vine
  args:
    - run
    - dpll/main.vi
    - "--breadth-first"
---
success: true
exit_code: 0
----- stdout -----
unsatisfiable

----- stderr -----

Interactions
  Total          187_801_431
    Depth         82_450_208
    Breadth                2
  Annihilate     106_627_015
  Commute            279_079
  Copy            17_519_041
  Erase           21_233_892
  Expand          14_992_037
  Call            17_284_914
  Branch           9_865_453

Memory
  Heap               637_888 B
  Allocated    4_181_189_424 B
  Freed        4_181_189_424 B

[Performance...]
