---
source: tests/tests.rs
expression: stderr
---
Interactions
  Total          187_175_814
  Annihilate     105_594_371
  Commute            296_684
  Copy            17_546_677
  Erase           21_474_712
  Expand          15_108_078
  Call            17_286_173
  Branch           9_869_119

Parallelism
  Depth           81_843_716
  Breadth                  2
  Speedup                 36 cB

Memory
  Heap               655_552 B
  Allocated    4_149_260_832 B
  Freed        4_149_260_832 B

[Performance...]
