---
source: tests/tests.rs
info:
  program: vine
  args:
    - run
    - dpll/main.vi
    - "--breadth-first"
---
success: true
exit_code: 0
----- stdout -----
unsatisfiable

----- stderr -----

Interactions
  Total           68_542_853
    Depth         35_284_238
    Breadth                1
  Annihilate      38_723_967
  Commute             95_939
  Copy             6_514_790
  Erase            7_810_492
  Expand           5_458_326
  Call             6_294_516
  Branch           3_644_823

Memory
  Heap               481_184 B
  Allocated    1_519_267_344 B
  Freed        1_519_267_344 B

[Performance...]
